{
  "exclude": {
    "files": "^.secrets.baseline$",
    "lines": null
  },
  "generated_at": "2026-08-31T18:02:56Z",
  "plugins_used": [
    {
      "name": "AWSKeyDetector"
    },
    {
      "name": "ArtifactoryDetector"
    },
    {
      "name": "AzureStorageKeyDetector"
    },
    {
      "base64_limit": 4.5,
      "name": "Base64HighEntropyString"
    },
    {
      "name": "BasicAuthDetector"
    },
    {
      "name": "BoxDetector"
    },
    {
      "name": "CloudantDetector"
    },
    {
      "ghe_instance": "github.ibm.com",
      "name": "GheDetector"
    },
    {
      "name": "GitHubTokenDetector"
    },
    {
      "hex_limit": 3,
      "name": "HexHighEntropyString"
    },
    {
      "name": "IbmCloudIamDetector"
    },
    {
      "name": "IbmCosHmacDetector"
    },
    {
      "name": "JwtTokenDetector"
    },
    {
      "keyword_exclude": null,
      "name": "KeywordDetector"
    },
    {
      "name": "MailchimpDetector"
    },
    {
      "name": "NpmDetector"
    },
    {
      "name": "PrivateKeyDetector"
    },
    {
      "name": "SlackDetector"
    },
    {
      "name": "SoftlayerDetector"
    },
    {
      "name": "SquareOAuthDetector"
    },
    {
      "name": "StripeDetector"
    },
    {
      "name": "TwilioKeyDetector"
    }
  ],
  "results": {
    "README.md": [
      {
        "hashed_secret": "95f0841954c700a5cada145007523fe13a6f2c45",
        "is_secret": false,
        "is_verified": false,
        "line_number": 14,
        "type": "Secret Keyword",
        "verified_result": null
      }
    ],
    "docker-compose.yml": [
      {
        "hashed_secret": "37fa265330ad83eaa879efb1e2db6380896cf639",
        "is_secret": false,
        "is_verified": false,
        "line_number": 15,
        "type": "Secret Keyword",
        "verified_result": null
      }
    ],
    "opensearch.yaml": [
      {
        "hashed_secret": "4c66c898545a69ad3f97654627836c31727b58f0",
        "is_secret": false,
        "is_verified": false,
        "line_number": 9,
        "type": "Secret Keyword",
        "verified_result": null
      }
    ],
    "poetry.lock": [
      {
        "hashed_secret": "c893c3fb73ba89cc07c4149f644da1faff746ba0",
        "is_secret": false,
        "is_verified": false,
        "line_number": 1680,
        "type": "Secret Keyword",
        "verified_result": null
      },
      {
        "hashed_secret": "75e9ab35c491f536fd706d3d889a78ba02bee252",
        "is_secret": false,
        "is_verified": false,
        "line_number": 1708,
        "type": "Secret Keyword",
        "verified_result": null
      },
      {
        "hashed_secret": "252c4a9cb7de35c3b0f63f4dfbc80d21c4fe0a20",
        "is_secret": false,
        "is_verified": false,
        "line_number": 1727,
        "type": "Secret Keyword",
        "verified_result": null
      },
      {
        "hashed_secret": "01a4ab25b16da33cb42a6416ab6eca4e2b02323d",
        "is_secret": false,
        "is_verified": false,
        "line_number": 1743,
        "type": "Secret Keyword",
        "verified_result": null
      },
      {
        "hashed_secret": "e17cb86c05d26cbe93dcd037404f537d2f635d86",
        "is_secret": false,
        "is_verified": false,
        "line_number": 2113,
        "type": "Secret Keyword",
        "verified_result": null
      },
      {
        "hashed_secret": "0183937e5cf9d6e9f80cb81fca217b553b738699",
        "is_secret": false,
        "is_verified": false,
        "line_number": 6932,
        "type": "Hex High Entropy String",
        "verified_result": null
      }
    ]
  },
  "version": "0.13.1+ibm.64.dss",
  "word_list": {
    "file": null,
    "hash": null
  }
}
